  0s compiling builders/jit
  1s compiling builders/jit
  2s compiling builders/jit
  3s compiling builders/jit
  4s compiling builders/jit
  5s compiling builders/jit
  6s compiling builders/jit
  7s compiling builders/jit
  8s compiling builders/jit
  9s compiling builders/jit
  11s compiling builders/jit
  12s compiling builders/jit
  13s compiling builders/jit
  14s compiling builders/jit
Running build hooks...Running build hooks...  0s riverpod_generator on 59 inputs; lib/core/constants/app_constants.dart
  1s riverpod_generator on 59 inputs: 1 no-op; lib/core/permissions/role_permissions.dart
  5s riverpod_generator on 59 inputs: 6 no-op; spent 4s┬áanalyzing; lib/models/activity_model.dart
  6s riverpod_generator on 59 inputs: 43 no-op; spent 4s┬áanalyzing; lib/services/attendance_service.dart
  6s riverpod_generator on 59 inputs: 59 no-op; spent 5s┬áanalyzing
  0s freezed on 59 inputs; lib/core/constants/app_constants.dart
  1s freezed on 59 inputs: 1 same, 6 no-op; lib/models/attendance_event_model.dart
  2s freezed on 59 inputs: 5 same, 54 no-op; spent 1s┬ábuilding
  0s json_serializable on 118 inputs; lib/core/constants/app_constants.dart
  0s json_serializable on 118 inputs: 1 skipped, 2 no-op; lib/core/permissions/role_permissions.freezed.dart
  32s json_serializable on 118 inputs: 2 skipped, 3 no-op; spent 24s┬áanalyzing, 6s┬áresolving, 2s┬áreading; lib/core/theme/app_theme.freezed.dart
  57s json_serializable on 118 inputs: 4 skipped, 5 no-op; spent 42s┬áanalyzing, 10s┬áresolving, 4s┬áreading, 1s┬ábuilding; lib/main.freezed.dart
  59s json_serializable on 118 inputs: 11 skipped, 3 output, 13 no-op; spent 43s┬áanalyzing, 10s┬áresolving, 4s┬áreading, 1s┬ábuilding; lib/models/shift_attendance_model.freezed.dart
  60s json_serializable on 118 inputs: 15 skipped, 5 output, 21 no-op; spent 44s┬áanalyzing, 10s┬áresolving, 4s┬áreading, 2s┬ábuilding; lib/screens/activities/manage_activities_screen.freezed.dart
  61s json_serializable on 118 inputs: 23 skipped, 5 output, 29 no-op; spent 45s┬áanalyzing, 10s┬áresolving, 4s┬áreading, 2s┬ábuilding; lib/screens/dashboard/widgets/weekly_calendar.freezed.dart
  62s json_serializable on 118 inputs: 33 skipped, 5 output, 39 no-op; spent 46s┬áanalyzing, 10s┬áresolving, 4s┬áreading, 2s┬ábuilding; lib/screens/treasury/payment_registration_tab.freezed.dart
  63s json_serializable on 118 inputs: 45 skipped, 5 output, 51 no-op; spent 47s┬áanalyzing, 10s┬áresolving, 4s┬áreading, 2s┬ábuilding; lib/services/supabase_service.freezed.dart
  64s json_serializable on 118 inputs: 54 skipped, 5 output, 59 no-op; spent 47s┬áanalyzing, 10s┬áresolving, 4s┬áreading, 2s┬ábuilding
  0s source_gen:combining_builder on 118 inputs; lib/core/constants/app_constants.dart
  0s source_gen:combining_builder on 118 inputs: 42 skipped, 5 output, 48 no-op; lib/services/pdf_service.freezed.dart
  0s source_gen:combining_builder on 118 inputs: 54 skipped, 5 output, 59 no-op
  Built with build_runner/jit in 91s; wrote 15 outputs.
